------------------------------------------------------------
TimeQuest Timing Analyzer Summary
------------------------------------------------------------

Type  : Slow 1100mV 85C Model Setup 'LPC_FPGA|ddr3_interface|pll0|pll_afi_clk'
Slack : 1.964
TNS   : 0.000

Type  : Slow 1100mV 85C Model Setup 'LPC_FPGA|ddr3_interface|pll0|pll_config_clk'
Slack : 3.114
TNS   : 0.000

Type  : Slow 1100mV 85C Model Setup 'LPC_FPGA|ddr3_interface|pll0|pll_avl_clk'
Slack : 3.898
TNS   : 0.000

Type  : Slow 1100mV 85C Model Setup 'clk_clk'
Slack : 4.053
TNS   : 0.000

Type  : Slow 1100mV 85C Model Setup 'altera_reserved_tck'
Slack : 6.079
TNS   : 0.000

Type  : Slow 1100mV 85C Model Hold 'LPC_FPGA|ddr3_interface|pll0|pll_afi_clk'
Slack : 0.303
TNS   : 0.000

Type  : Slow 1100mV 85C Model Hold 'LPC_FPGA|ddr3_interface|pll0|pll_avl_clk'
Slack : 0.376
TNS   : 0.000

Type  : Slow 1100mV 85C Model Hold 'LPC_FPGA|ddr3_interface|pll0|pll_config_clk'
Slack : 0.379
TNS   : 0.000

Type  : Slow 1100mV 85C Model Hold 'clk_clk'
Slack : 0.531
TNS   : 0.000

Type  : Slow 1100mV 85C Model Hold 'altera_reserved_tck'
Slack : 0.603
TNS   : 0.000

Type  : Slow 1100mV 85C Model Recovery 'LPC_FPGA|ddr3_interface|pll0|pll_avl_clk'
Slack : 11.149
TNS   : 0.000

Type  : Slow 1100mV 85C Model Recovery 'altera_reserved_tck'
Slack : 13.600
TNS   : 0.000

Type  : Slow 1100mV 85C Model Recovery 'LPC_FPGA|ddr3_interface|pll0|pll_config_clk'
Slack : 22.279
TNS   : 0.000

Type  : Slow 1100mV 85C Model Removal 'LPC_FPGA|ddr3_interface|pll0|pll_avl_clk'
Slack : 0.761
TNS   : 0.000

Type  : Slow 1100mV 85C Model Removal 'altera_reserved_tck'
Slack : 1.100
TNS   : 0.000

Type  : Slow 1100mV 85C Model Removal 'LPC_FPGA|ddr3_interface|pll0|pll_config_clk'
Slack : 1.245
TNS   : 0.000

Type  : Slow 1100mV 85C Model Minimum Pulse Width 'LPC_FPGA|ddr3_interface|pll0|pll_afi_clk'
Slack : 0.799
TNS   : 0.000

Type  : Slow 1100mV 85C Model Minimum Pulse Width 'LPC_FPGA|ddr3_interface|pll0|pll_dq_write_clk'
Slack : 0.852
TNS   : 0.000

Type  : Slow 1100mV 85C Model Minimum Pulse Width 'clk_clk'
Slack : 3.222
TNS   : 0.000

Type  : Slow 1100mV 85C Model Minimum Pulse Width 'LPC_FPGA|ddr3_interface|pll0|pll_avl_clk'
Slack : 6.746
TNS   : 0.000

Type  : Slow 1100mV 85C Model Minimum Pulse Width 'altera_reserved_tck'
Slack : 15.405
TNS   : 0.000

Type  : Slow 1100mV 85C Model Minimum Pulse Width 'LPC_FPGA|ddr3_interface|pll0|pll_config_clk'
Slack : 23.926
TNS   : 0.000

Type  : Slow 1100mV 0C Model Setup 'LPC_FPGA|ddr3_interface|pll0|pll_afi_clk'
Slack : 1.878
TNS   : 0.000

Type  : Slow 1100mV 0C Model Setup 'LPC_FPGA|ddr3_interface|pll0|pll_config_clk'
Slack : 3.144
TNS   : 0.000

Type  : Slow 1100mV 0C Model Setup 'clk_clk'
Slack : 3.684
TNS   : 0.000

Type  : Slow 1100mV 0C Model Setup 'LPC_FPGA|ddr3_interface|pll0|pll_avl_clk'
Slack : 3.710
TNS   : 0.000

Type  : Slow 1100mV 0C Model Setup 'altera_reserved_tck'
Slack : 6.499
TNS   : 0.000

Type  : Slow 1100mV 0C Model Hold 'LPC_FPGA|ddr3_interface|pll0|pll_afi_clk'
Slack : 0.347
TNS   : 0.000

Type  : Slow 1100mV 0C Model Hold 'LPC_FPGA|ddr3_interface|pll0|pll_avl_clk'
Slack : 0.365
TNS   : 0.000

Type  : Slow 1100mV 0C Model Hold 'LPC_FPGA|ddr3_interface|pll0|pll_config_clk'
Slack : 0.375
TNS   : 0.000

Type  : Slow 1100mV 0C Model Hold 'clk_clk'
Slack : 0.553
TNS   : 0.000

Type  : Slow 1100mV 0C Model Hold 'altera_reserved_tck'
Slack : 0.585
TNS   : 0.000

Type  : Slow 1100mV 0C Model Recovery 'LPC_FPGA|ddr3_interface|pll0|pll_avl_clk'
Slack : 11.342
TNS   : 0.000

Type  : Slow 1100mV 0C Model Recovery 'altera_reserved_tck'
Slack : 14.007
TNS   : 0.000

Type  : Slow 1100mV 0C Model Recovery 'LPC_FPGA|ddr3_interface|pll0|pll_config_clk'
Slack : 22.375
TNS   : 0.000

Type  : Slow 1100mV 0C Model Removal 'LPC_FPGA|ddr3_interface|pll0|pll_avl_clk'
Slack : 0.645
TNS   : 0.000

Type  : Slow 1100mV 0C Model Removal 'altera_reserved_tck'
Slack : 1.034
TNS   : 0.000

Type  : Slow 1100mV 0C Model Removal 'LPC_FPGA|ddr3_interface|pll0|pll_config_clk'
Slack : 1.166
TNS   : 0.000

Type  : Slow 1100mV 0C Model Minimum Pulse Width 'LPC_FPGA|ddr3_interface|pll0|pll_afi_clk'
Slack : 0.803
TNS   : 0.000

Type  : Slow 1100mV 0C Model Minimum Pulse Width 'LPC_FPGA|ddr3_interface|pll0|pll_dq_write_clk'
Slack : 0.868
TNS   : 0.000

Type  : Slow 1100mV 0C Model Minimum Pulse Width 'clk_clk'
Slack : 3.125
TNS   : 0.000

Type  : Slow 1100mV 0C Model Minimum Pulse Width 'LPC_FPGA|ddr3_interface|pll0|pll_avl_clk'
Slack : 6.691
TNS   : 0.000

Type  : Slow 1100mV 0C Model Minimum Pulse Width 'altera_reserved_tck'
Slack : 15.323
TNS   : 0.000

Type  : Slow 1100mV 0C Model Minimum Pulse Width 'LPC_FPGA|ddr3_interface|pll0|pll_config_clk'
Slack : 23.895
TNS   : 0.000

Type  : Fast 1100mV 85C Model Setup 'LPC_FPGA|ddr3_interface|pll0|pll_afi_clk'
Slack : 2.796
TNS   : 0.000

Type  : Fast 1100mV 85C Model Setup 'LPC_FPGA|ddr3_interface|pll0|pll_config_clk'
Slack : 5.588
TNS   : 0.000

Type  : Fast 1100mV 85C Model Setup 'clk_clk'
Slack : 6.074
TNS   : 0.000

Type  : Fast 1100mV 85C Model Setup 'LPC_FPGA|ddr3_interface|pll0|pll_avl_clk'
Slack : 11.106
TNS   : 0.000

Type  : Fast 1100mV 85C Model Setup 'altera_reserved_tck'
Slack : 11.763
TNS   : 0.000

Type  : Fast 1100mV 85C Model Hold 'altera_reserved_tck'
Slack : 0.087
TNS   : 0.000

Type  : Fast 1100mV 85C Model Hold 'LPC_FPGA|ddr3_interface|pll0|pll_afi_clk'
Slack : 0.156
TNS   : 0.000

Type  : Fast 1100mV 85C Model Hold 'LPC_FPGA|ddr3_interface|pll0|pll_avl_clk'
Slack : 0.164
TNS   : 0.000

Type  : Fast 1100mV 85C Model Hold 'LPC_FPGA|ddr3_interface|pll0|pll_config_clk'
Slack : 0.167
TNS   : 0.000

Type  : Fast 1100mV 85C Model Hold 'clk_clk'
Slack : 0.243
TNS   : 0.000

Type  : Fast 1100mV 85C Model Recovery 'LPC_FPGA|ddr3_interface|pll0|pll_avl_clk'
Slack : 13.783
TNS   : 0.000

Type  : Fast 1100mV 85C Model Recovery 'altera_reserved_tck'
Slack : 15.632
TNS   : 0.000

Type  : Fast 1100mV 85C Model Recovery 'LPC_FPGA|ddr3_interface|pll0|pll_config_clk'
Slack : 23.733
TNS   : 0.000

Type  : Fast 1100mV 85C Model Removal 'LPC_FPGA|ddr3_interface|pll0|pll_avl_clk'
Slack : 0.293
TNS   : 0.000

Type  : Fast 1100mV 85C Model Removal 'altera_reserved_tck'
Slack : 0.367
TNS   : 0.000

Type  : Fast 1100mV 85C Model Removal 'LPC_FPGA|ddr3_interface|pll0|pll_config_clk'
Slack : 0.518
TNS   : 0.000

Type  : Fast 1100mV 85C Model Minimum Pulse Width 'LPC_FPGA|ddr3_interface|pll0|pll_afi_clk'
Slack : 1.225
TNS   : 0.000

Type  : Fast 1100mV 85C Model Minimum Pulse Width 'LPC_FPGA|ddr3_interface|pll0|pll_dq_write_clk'
Slack : 1.306
TNS   : 0.000

Type  : Fast 1100mV 85C Model Minimum Pulse Width 'clk_clk'
Slack : 3.538
TNS   : 0.000

Type  : Fast 1100mV 85C Model Minimum Pulse Width 'LPC_FPGA|ddr3_interface|pll0|pll_avl_clk'
Slack : 7.227
TNS   : 0.000

Type  : Fast 1100mV 85C Model Minimum Pulse Width 'altera_reserved_tck'
Slack : 15.519
TNS   : 0.000

Type  : Fast 1100mV 85C Model Minimum Pulse Width 'LPC_FPGA|ddr3_interface|pll0|pll_config_clk'
Slack : 24.526
TNS   : 0.000

Type  : Fast 1100mV 0C Model Setup 'LPC_FPGA|ddr3_interface|pll0|pll_afi_clk'
Slack : 2.817
TNS   : 0.000

Type  : Fast 1100mV 0C Model Setup 'LPC_FPGA|ddr3_interface|pll0|pll_config_clk'
Slack : 5.783
TNS   : 0.000

Type  : Fast 1100mV 0C Model Setup 'clk_clk'
Slack : 6.131
TNS   : 0.000

Type  : Fast 1100mV 0C Model Setup 'LPC_FPGA|ddr3_interface|pll0|pll_avl_clk'
Slack : 11.665
TNS   : 0.000

Type  : Fast 1100mV 0C Model Setup 'altera_reserved_tck'
Slack : 12.452
TNS   : 0.000

Type  : Fast 1100mV 0C Model Hold 'altera_reserved_tck'
Slack : 0.086
TNS   : 0.000

Type  : Fast 1100mV 0C Model Hold 'LPC_FPGA|ddr3_interface|pll0|pll_afi_clk'
Slack : 0.142
TNS   : 0.000

Type  : Fast 1100mV 0C Model Hold 'LPC_FPGA|ddr3_interface|pll0|pll_avl_clk'
Slack : 0.150
TNS   : 0.000

Type  : Fast 1100mV 0C Model Hold 'LPC_FPGA|ddr3_interface|pll0|pll_config_clk'
Slack : 0.151
TNS   : 0.000

Type  : Fast 1100mV 0C Model Hold 'clk_clk'
Slack : 0.227
TNS   : 0.000

Type  : Fast 1100mV 0C Model Recovery 'LPC_FPGA|ddr3_interface|pll0|pll_avl_clk'
Slack : 14.143
TNS   : 0.000

Type  : Fast 1100mV 0C Model Recovery 'altera_reserved_tck'
Slack : 15.772
TNS   : 0.000

Type  : Fast 1100mV 0C Model Recovery 'LPC_FPGA|ddr3_interface|pll0|pll_config_clk'
Slack : 23.866
TNS   : 0.000

Type  : Fast 1100mV 0C Model Removal 'LPC_FPGA|ddr3_interface|pll0|pll_avl_clk'
Slack : 0.265
TNS   : 0.000

Type  : Fast 1100mV 0C Model Removal 'altera_reserved_tck'
Slack : 0.334
TNS   : 0.000

Type  : Fast 1100mV 0C Model Removal 'LPC_FPGA|ddr3_interface|pll0|pll_config_clk'
Slack : 0.464
TNS   : 0.000

Type  : Fast 1100mV 0C Model Minimum Pulse Width 'LPC_FPGA|ddr3_interface|pll0|pll_afi_clk'
Slack : 1.218
TNS   : 0.000

Type  : Fast 1100mV 0C Model Minimum Pulse Width 'LPC_FPGA|ddr3_interface|pll0|pll_dq_write_clk'
Slack : 1.304
TNS   : 0.000

Type  : Fast 1100mV 0C Model Minimum Pulse Width 'clk_clk'
Slack : 3.535
TNS   : 0.000

Type  : Fast 1100mV 0C Model Minimum Pulse Width 'LPC_FPGA|ddr3_interface|pll0|pll_avl_clk'
Slack : 7.228
TNS   : 0.000

Type  : Fast 1100mV 0C Model Minimum Pulse Width 'altera_reserved_tck'
Slack : 15.579
TNS   : 0.000

Type  : Fast 1100mV 0C Model Minimum Pulse Width 'LPC_FPGA|ddr3_interface|pll0|pll_config_clk'
Slack : 24.533
TNS   : 0.000

------------------------------------------------------------
Info: see the "DDR report" for DDR timing results
------------------------------------------------------------
------------------------------------------------------------
