------------------------------------------------------------
TimeQuest Timing Analyzer Summary
------------------------------------------------------------

Type  : Slow 1100mV 85C Model Setup 'clk_clk'
Slack : 0.551
TNS   : 0.000

Type  : Slow 1100mV 85C Model Setup 'LPC_qsys|ddr3_interface|pll0|pll_afi_clk'
Slack : 1.975
TNS   : 0.000

Type  : Slow 1100mV 85C Model Setup 'LPC_qsys|ddr3_interface|pll0|pll_config_clk'
Slack : 2.906
TNS   : 0.000

Type  : Slow 1100mV 85C Model Setup 'altera_reserved_tck'
Slack : 4.719
TNS   : 0.000

Type  : Slow 1100mV 85C Model Setup 'LPC_qsys|ddr3_interface|pll0|pll_avl_clk'
Slack : 4.817
TNS   : 0.000

Type  : Slow 1100mV 85C Model Hold 'LPC_qsys|ddr3_interface|pll0|pll_afi_clk'
Slack : 0.303
TNS   : 0.000

Type  : Slow 1100mV 85C Model Hold 'LPC_qsys|ddr3_interface|pll0|pll_avl_clk'
Slack : 0.367
TNS   : 0.000

Type  : Slow 1100mV 85C Model Hold 'LPC_qsys|ddr3_interface|pll0|pll_config_clk'
Slack : 0.374
TNS   : 0.000

Type  : Slow 1100mV 85C Model Hold 'clk_clk'
Slack : 0.377
TNS   : 0.000

Type  : Slow 1100mV 85C Model Hold 'altera_reserved_tck'
Slack : 0.658
TNS   : 0.000

Type  : Slow 1100mV 85C Model Recovery 'clk_clk'
Slack : 3.659
TNS   : 0.000

Type  : Slow 1100mV 85C Model Recovery 'LPC_qsys|ddr3_interface|pll0|pll_avl_clk'
Slack : 9.594
TNS   : 0.000

Type  : Slow 1100mV 85C Model Recovery 'altera_reserved_tck'
Slack : 12.667
TNS   : 0.000

Type  : Slow 1100mV 85C Model Recovery 'LPC_qsys|ddr3_interface|pll0|pll_config_clk'
Slack : 22.260
TNS   : 0.000

Type  : Slow 1100mV 85C Model Removal 'LPC_qsys|ddr3_interface|pll0|pll_avl_clk'
Slack : 0.777
TNS   : 0.000

Type  : Slow 1100mV 85C Model Removal 'LPC_qsys|ddr3_interface|pll0|pll_config_clk'
Slack : 0.844
TNS   : 0.000

Type  : Slow 1100mV 85C Model Removal 'clk_clk'
Slack : 1.145
TNS   : 0.000

Type  : Slow 1100mV 85C Model Removal 'altera_reserved_tck'
Slack : 1.677
TNS   : 0.000

Type  : Slow 1100mV 85C Model Minimum Pulse Width 'LPC_qsys|ddr3_interface|pll0|pll_afi_clk'
Slack : 0.799
TNS   : 0.000

Type  : Slow 1100mV 85C Model Minimum Pulse Width 'LPC_qsys|ddr3_interface|pll0|pll_dq_write_clk'
Slack : 0.852
TNS   : 0.000

Type  : Slow 1100mV 85C Model Minimum Pulse Width 'clk_clk'
Slack : 2.403
TNS   : 0.000

Type  : Slow 1100mV 85C Model Minimum Pulse Width 'LPC_qsys|ddr3_interface|pll0|pll_avl_clk'
Slack : 6.751
TNS   : 0.000

Type  : Slow 1100mV 85C Model Minimum Pulse Width 'altera_reserved_tck'
Slack : 15.310
TNS   : 0.000

Type  : Slow 1100mV 85C Model Minimum Pulse Width 'LPC_qsys|ddr3_interface|pll0|pll_config_clk'
Slack : 23.923
TNS   : 0.000

Type  : Slow 1100mV 0C Model Setup 'clk_clk'
Slack : 0.639
TNS   : 0.000

Type  : Slow 1100mV 0C Model Setup 'LPC_qsys|ddr3_interface|pll0|pll_afi_clk'
Slack : 1.887
TNS   : 0.000

Type  : Slow 1100mV 0C Model Setup 'LPC_qsys|ddr3_interface|pll0|pll_config_clk'
Slack : 2.863
TNS   : 0.000

Type  : Slow 1100mV 0C Model Setup 'LPC_qsys|ddr3_interface|pll0|pll_avl_clk'
Slack : 4.607
TNS   : 0.000

Type  : Slow 1100mV 0C Model Setup 'altera_reserved_tck'
Slack : 5.133
TNS   : 0.000

Type  : Slow 1100mV 0C Model Hold 'LPC_qsys|ddr3_interface|pll0|pll_afi_clk'
Slack : 0.347
TNS   : 0.000

Type  : Slow 1100mV 0C Model Hold 'LPC_qsys|ddr3_interface|pll0|pll_avl_clk'
Slack : 0.357
TNS   : 0.000

Type  : Slow 1100mV 0C Model Hold 'clk_clk'
Slack : 0.358
TNS   : 0.000

Type  : Slow 1100mV 0C Model Hold 'LPC_qsys|ddr3_interface|pll0|pll_config_clk'
Slack : 0.370
TNS   : 0.000

Type  : Slow 1100mV 0C Model Hold 'altera_reserved_tck'
Slack : 0.607
TNS   : 0.000

Type  : Slow 1100mV 0C Model Recovery 'clk_clk'
Slack : 3.849
TNS   : 0.000

Type  : Slow 1100mV 0C Model Recovery 'LPC_qsys|ddr3_interface|pll0|pll_avl_clk'
Slack : 9.837
TNS   : 0.000

Type  : Slow 1100mV 0C Model Recovery 'altera_reserved_tck'
Slack : 13.033
TNS   : 0.000

Type  : Slow 1100mV 0C Model Recovery 'LPC_qsys|ddr3_interface|pll0|pll_config_clk'
Slack : 22.314
TNS   : 0.000

Type  : Slow 1100mV 0C Model Removal 'LPC_qsys|ddr3_interface|pll0|pll_avl_clk'
Slack : 0.666
TNS   : 0.000

Type  : Slow 1100mV 0C Model Removal 'LPC_qsys|ddr3_interface|pll0|pll_config_clk'
Slack : 0.782
TNS   : 0.000

Type  : Slow 1100mV 0C Model Removal 'clk_clk'
Slack : 1.096
TNS   : 0.000

Type  : Slow 1100mV 0C Model Removal 'altera_reserved_tck'
Slack : 1.578
TNS   : 0.000

Type  : Slow 1100mV 0C Model Minimum Pulse Width 'LPC_qsys|ddr3_interface|pll0|pll_afi_clk'
Slack : 0.804
TNS   : 0.000

Type  : Slow 1100mV 0C Model Minimum Pulse Width 'LPC_qsys|ddr3_interface|pll0|pll_dq_write_clk'
Slack : 0.868
TNS   : 0.000

Type  : Slow 1100mV 0C Model Minimum Pulse Width 'clk_clk'
Slack : 2.353
TNS   : 0.000

Type  : Slow 1100mV 0C Model Minimum Pulse Width 'LPC_qsys|ddr3_interface|pll0|pll_avl_clk'
Slack : 6.691
TNS   : 0.000

Type  : Slow 1100mV 0C Model Minimum Pulse Width 'altera_reserved_tck'
Slack : 15.250
TNS   : 0.000

Type  : Slow 1100mV 0C Model Minimum Pulse Width 'LPC_qsys|ddr3_interface|pll0|pll_config_clk'
Slack : 23.885
TNS   : 0.000

Type  : Fast 1100mV 85C Model Setup 'LPC_qsys|ddr3_interface|pll0|pll_afi_clk'
Slack : 2.809
TNS   : 0.000

Type  : Fast 1100mV 85C Model Setup 'clk_clk'
Slack : 4.299
TNS   : 0.000

Type  : Fast 1100mV 85C Model Setup 'LPC_qsys|ddr3_interface|pll0|pll_config_clk'
Slack : 5.621
TNS   : 0.000

Type  : Fast 1100mV 85C Model Setup 'LPC_qsys|ddr3_interface|pll0|pll_avl_clk'
Slack : 11.006
TNS   : 0.000

Type  : Fast 1100mV 85C Model Setup 'altera_reserved_tck'
Slack : 11.193
TNS   : 0.000

Type  : Fast 1100mV 85C Model Hold 'LPC_qsys|ddr3_interface|pll0|pll_afi_clk'
Slack : 0.156
TNS   : 0.000

Type  : Fast 1100mV 85C Model Hold 'altera_reserved_tck'
Slack : 0.163
TNS   : 0.000

Type  : Fast 1100mV 85C Model Hold 'LPC_qsys|ddr3_interface|pll0|pll_avl_clk'
Slack : 0.164
TNS   : 0.000

Type  : Fast 1100mV 85C Model Hold 'LPC_qsys|ddr3_interface|pll0|pll_config_clk'
Slack : 0.166
TNS   : 0.000

Type  : Fast 1100mV 85C Model Hold 'clk_clk'
Slack : 0.174
TNS   : 0.000

Type  : Fast 1100mV 85C Model Recovery 'clk_clk'
Slack : 5.964
TNS   : 0.000

Type  : Fast 1100mV 85C Model Recovery 'LPC_qsys|ddr3_interface|pll0|pll_avl_clk'
Slack : 12.704
TNS   : 0.000

Type  : Fast 1100mV 85C Model Recovery 'altera_reserved_tck'
Slack : 15.069
TNS   : 0.000

Type  : Fast 1100mV 85C Model Recovery 'LPC_qsys|ddr3_interface|pll0|pll_config_clk'
Slack : 23.759
TNS   : 0.000

Type  : Fast 1100mV 85C Model Removal 'LPC_qsys|ddr3_interface|pll0|pll_avl_clk'
Slack : 0.290
TNS   : 0.000

Type  : Fast 1100mV 85C Model Removal 'LPC_qsys|ddr3_interface|pll0|pll_config_clk'
Slack : 0.309
TNS   : 0.000

Type  : Fast 1100mV 85C Model Removal 'clk_clk'
Slack : 0.481
TNS   : 0.000

Type  : Fast 1100mV 85C Model Removal 'altera_reserved_tck'
Slack : 0.683
TNS   : 0.000

Type  : Fast 1100mV 85C Model Minimum Pulse Width 'LPC_qsys|ddr3_interface|pll0|pll_afi_clk'
Slack : 1.229
TNS   : 0.000

Type  : Fast 1100mV 85C Model Minimum Pulse Width 'LPC_qsys|ddr3_interface|pll0|pll_dq_write_clk'
Slack : 1.306
TNS   : 0.000

Type  : Fast 1100mV 85C Model Minimum Pulse Width 'clk_clk'
Slack : 2.884
TNS   : 0.000

Type  : Fast 1100mV 85C Model Minimum Pulse Width 'LPC_qsys|ddr3_interface|pll0|pll_avl_clk'
Slack : 7.227
TNS   : 0.000

Type  : Fast 1100mV 85C Model Minimum Pulse Width 'altera_reserved_tck'
Slack : 15.450
TNS   : 0.000

Type  : Fast 1100mV 85C Model Minimum Pulse Width 'LPC_qsys|ddr3_interface|pll0|pll_config_clk'
Slack : 24.529
TNS   : 0.000

Type  : Fast 1100mV 0C Model Setup 'LPC_qsys|ddr3_interface|pll0|pll_afi_clk'
Slack : 2.827
TNS   : 0.000

Type  : Fast 1100mV 0C Model Setup 'clk_clk'
Slack : 4.646
TNS   : 0.000

Type  : Fast 1100mV 0C Model Setup 'LPC_qsys|ddr3_interface|pll0|pll_config_clk'
Slack : 5.795
TNS   : 0.000

Type  : Fast 1100mV 0C Model Setup 'LPC_qsys|ddr3_interface|pll0|pll_avl_clk'
Slack : 11.640
TNS   : 0.000

Type  : Fast 1100mV 0C Model Setup 'altera_reserved_tck'
Slack : 11.938
TNS   : 0.000

Type  : Fast 1100mV 0C Model Hold 'LPC_qsys|ddr3_interface|pll0|pll_afi_clk'
Slack : 0.142
TNS   : 0.000

Type  : Fast 1100mV 0C Model Hold 'LPC_qsys|ddr3_interface|pll0|pll_config_clk'
Slack : 0.151
TNS   : 0.000

Type  : Fast 1100mV 0C Model Hold 'LPC_qsys|ddr3_interface|pll0|pll_avl_clk'
Slack : 0.152
TNS   : 0.000

Type  : Fast 1100mV 0C Model Hold 'altera_reserved_tck'
Slack : 0.154
TNS   : 0.000

Type  : Fast 1100mV 0C Model Hold 'clk_clk'
Slack : 0.162
TNS   : 0.000

Type  : Fast 1100mV 0C Model Recovery 'clk_clk'
Slack : 6.212
TNS   : 0.000

Type  : Fast 1100mV 0C Model Recovery 'LPC_qsys|ddr3_interface|pll0|pll_avl_clk'
Slack : 13.207
TNS   : 0.000

Type  : Fast 1100mV 0C Model Recovery 'altera_reserved_tck'
Slack : 15.309
TNS   : 0.000

Type  : Fast 1100mV 0C Model Recovery 'LPC_qsys|ddr3_interface|pll0|pll_config_clk'
Slack : 23.881
TNS   : 0.000

Type  : Fast 1100mV 0C Model Removal 'LPC_qsys|ddr3_interface|pll0|pll_avl_clk'
Slack : 0.261
TNS   : 0.000

Type  : Fast 1100mV 0C Model Removal 'LPC_qsys|ddr3_interface|pll0|pll_config_clk'
Slack : 0.279
TNS   : 0.000

Type  : Fast 1100mV 0C Model Removal 'clk_clk'
Slack : 0.416
TNS   : 0.000

Type  : Fast 1100mV 0C Model Removal 'altera_reserved_tck'
Slack : 0.605
TNS   : 0.000

Type  : Fast 1100mV 0C Model Minimum Pulse Width 'LPC_qsys|ddr3_interface|pll0|pll_afi_clk'
Slack : 1.221
TNS   : 0.000

Type  : Fast 1100mV 0C Model Minimum Pulse Width 'LPC_qsys|ddr3_interface|pll0|pll_dq_write_clk'
Slack : 1.304
TNS   : 0.000

Type  : Fast 1100mV 0C Model Minimum Pulse Width 'clk_clk'
Slack : 2.884
TNS   : 0.000

Type  : Fast 1100mV 0C Model Minimum Pulse Width 'LPC_qsys|ddr3_interface|pll0|pll_avl_clk'
Slack : 7.228
TNS   : 0.000

Type  : Fast 1100mV 0C Model Minimum Pulse Width 'altera_reserved_tck'
Slack : 15.530
TNS   : 0.000

Type  : Fast 1100mV 0C Model Minimum Pulse Width 'LPC_qsys|ddr3_interface|pll0|pll_config_clk'
Slack : 24.537
TNS   : 0.000

------------------------------------------------------------
Info: see the "DDR report" for DDR timing results
------------------------------------------------------------
------------------------------------------------------------
